// Jest Snapshot v1, https://goo.gl/fbAQLP

exports[`AddNote component should match snapshot of AddNote Component 1`] = `
<form
  onSubmit={[Function]}
>
  <div
    key="null"
  >
    <center>
      <div
        class="form-floating"
      >
        <textarea
          className="form-control"
          id="floatingTextarea"
          onChange={[Function]}
          placeholder="Title.."
          title="title"
          type="text"
          value=""
        />
      </div>
    </center>
    <div
      class="form-floating"
    >
      <textarea
        className="form-control"
        id="floatingTextarea"
        onChange={[Function]}
        placeholder="Notes.."
        title="notes"
        type="text"
        value=""
      />
    </div>
    <button
      className="btn btn-success"
    >
      Add Note
    </button>
  </div>
  <div
    class="textarea-group mb-3"
  />
</form>
`;
