// Jest Snapshot v1, https://goo.gl/fbAQLP

exports[`App component should match snapshot of EditNote Component 1`] = `
<form
  onSubmit={[Function]}
>
  <div>
    <center>
      <textarea
        className="form-control"
        onChange={[Function]}
        placeholder="title.."
        title="title"
        type="text"
      />
    </center>
    <div
      class="form-floating"
    >
      <textarea
        className="form-control"
        id="floatingTextarea"
        onChange={[Function]}
        placeholder="Note.."
        title="notes"
        type="text"
      />
    </div>
    <button
      className="btn btn-primary"
    >
      Update note
    </button>
    <button
      className="btn btn-danger"
      onClick={[Function]}
    >
      Cancel
    </button>
  </div>
</form>
`;
