// Jest Snapshot v1, https://goo.gl/fbAQLP

exports[`App component should match snapshot of Notes Component 1`] = `
<div
  className="container"
>
  <Draggable
    allowAnyClick={false}
    axis="both"
    bounds={false}
    cancel={null}
    defaultClassName="react-draggable"
    defaultClassNameDragged="react-draggable-dragged"
    defaultClassNameDragging="react-draggable-dragging"
    defaultPosition={
      Object {
        "x": 0,
        "y": 0,
      }
    }
    disabled={false}
    enableUserSelectHack={true}
    grid={null}
    handle={null}
    offsetParent={null}
    onDrag={[Function]}
    onMouseDown={[Function]}
    onStart={[Function]}
    onStop={[Function]}
    position={null}
    transform={null}
  >
    <div>
      <div
        className="note"
        key="0"
      >
        <i
          className="fas fa-times"
          onClick={[Function]}
          style={
            Object {
              "float": "right",
            }
          }
        />
        <h2>
          Todo 1
        </h2>
        <p
          style={
            Object {
              "fontSize": "25px",
            }
          }
        >
          build CI/CD pipeline using jenkins
        </p>
        <i
          className="far fa-edit"
          onClick={[Function]}
          style={
            Object {
              "height": "25px",
            }
          }
        />
      </div>
    </div>
  </Draggable>
  <Draggable
    allowAnyClick={false}
    axis="both"
    bounds={false}
    cancel={null}
    defaultClassName="react-draggable"
    defaultClassNameDragged="react-draggable-dragged"
    defaultClassNameDragging="react-draggable-dragging"
    defaultPosition={
      Object {
        "x": 0,
        "y": 0,
      }
    }
    disabled={false}
    enableUserSelectHack={true}
    grid={null}
    handle={null}
    offsetParent={null}
    onDrag={[Function]}
    onMouseDown={[Function]}
    onStart={[Function]}
    onStop={[Function]}
    position={null}
    transform={null}
  >
    <div>
      <div
        className="note"
        key="1"
      >
        <i
          className="fas fa-times"
          onClick={[Function]}
          style={
            Object {
              "float": "right",
            }
          }
        />
        <h2>
          Todo 2
        </h2>
        <p
          style={
            Object {
              "fontSize": "25px",
            }
          }
        >
          Integrate Jenkins with Sonarqube 
        </p>
        <i
          className="far fa-edit"
          onClick={[Function]}
          style={
            Object {
              "height": "25px",
            }
          }
        />
      </div>
    </div>
  </Draggable>
  <Draggable
    allowAnyClick={false}
    axis="both"
    bounds={false}
    cancel={null}
    defaultClassName="react-draggable"
    defaultClassNameDragged="react-draggable-dragged"
    defaultClassNameDragging="react-draggable-dragging"
    defaultPosition={
      Object {
        "x": 0,
        "y": 0,
      }
    }
    disabled={false}
    enableUserSelectHack={true}
    grid={null}
    handle={null}
    offsetParent={null}
    onDrag={[Function]}
    onMouseDown={[Function]}
    onStart={[Function]}
    onStop={[Function]}
    position={null}
    transform={null}
  >
    <div>
      <div
        className="note"
        key="2"
      >
        <i
          className="fas fa-times"
          onClick={[Function]}
          style={
            Object {
              "float": "right",
            }
          }
        />
        <h2>
          Todo 3
        </h2>
        <p
          style={
            Object {
              "fontSize": "25px",
            }
          }
        >
          Deploy to AWS S3
        </p>
        <i
          className="far fa-edit"
          onClick={[Function]}
          style={
            Object {
              "height": "25px",
            }
          }
        />
      </div>
    </div>
  </Draggable>
</div>
`;
